06-04 21:27:04.763 I/ReactNativeJS(19383): [VROOM-TEL] 2026-06-04T19:27:04.763Z | GPS_RESUME_HARD_RESTART | {"reason":"restart_resume","at":1780601224763}
06-04 21:27:05.834 I/ReactNativeJS(19383): [VROOM-TEL] 2026-06-04T19:27:05.834Z | RAW_GPS_TICK | {"t":1780601225834,"gpsTickId":1780601225298,"gpsTickAgeMs":0,"lat":51.366417,"lng":19.387276,"speed":0,"speedKmh":0,"accuracy":4,"osTimestamp":1780601225298,"tripActive":true,"appState":"active"}
06-04 21:27:05.834 I/ReactNativeJS(19383): [VROOM-TEL] 2026-06-04T19:27:05.834Z | DRIVE_TRACE_RAW | {"t":1780601225834,"seq":1029,"gpsTickId":1780601225298,"gpsTickAgeMs":0,"rawLat":51.366417,"rawLng":19.387276,"accM":4,"speedKmh":0,"speedMs":0,"heading":0,"tripActive":true,"driving":true,"navigating":false,"osTimestamp":1780601225298}
06-04 21:27:05.834 I/ReactNativeJS(19383): [VROOM-TEL] 2026-06-04T19:27:05.834Z | ROAD_MATCH_SKIP_TRUNCATED | {"t":1780601225834,"pts":2,"prevPts":14,"shiftM":1258}
06-04 21:27:05.836 I/ReactNativeJS(19383): [VROOM-TEL] 2026-06-04T19:27:05.836Z | DRIVE_TRACE_FEED | {"t":1780601225836,"seq":1030,"gpsTickId":1780601225298,"gpsTickAgeMs":2,"lat":51.366415,"lng":19.38731,"hdg":12,"durationMs":1712,"speedKmh":0}
06-04 21:27:05.836 I/ReactNativeJS(19383): [VROOM-TEL] 2026-06-04T19:27:05.836Z | TRIP_SEGMENT_REJECT | {"t":1780601225836,"reason":"jitter","dtSec":15.1,"speedKmh":null}
06-04 21:27:05.837 I/ReactNativeJS(19383): [VROOM-TEL] 2026-06-04T19:27:05.837Z | DRIVE_TRACE_TICK | {"t":1780601225837,"seq":1031,"gpsTickId":1780601225298,"gpsTickAgeMs":3,"rawLat":51.366417,"rawLng":19.387276,"snapLat":51.366415,"snapLng":19.38731,"markerLat":51.366415,"markerLng":19.38731,"markerHdg":12,"markerSvLat":51.366415,"markerSvLng":19.38731,"markerSvHdg":12,"accM":4,"hudKmh":0,"engineKmh":0,"dopplerKmh":0,"feedDurMs":1712,"cadenceMs":1902,"feedSpeedMs":0,"isNavigating":false,"isFreeDrive":true,"isMoving":true,"feedSkipGate":false,"feedAccepted":true,"feedHeadingOnly":false,"source":"drive_core_v2"}
06-04 21:27:05.837 I/ReactNativeJS(19383): [VROOM-TEL] 2026-06-04T19:27:05.837Z | GPS_ACCEPT | {"lat":51.366417,"lng":19.387276,"acc":4,"speedKmh":0,"gpsLock":false}
06-04 21:27:05.866 I/ReactNativeJS(19383): [VROOM-TEL] 2026-06-04T19:27:05.866Z | CAMERA_HEADING | {"t":1780601225866,"speedKmh":0,"movedM":0,"moveBearing":null,"snapHdg":12,"headingOut":12,"flipFromPrevDeg":0,"lookaheadM":0,"nativeFollow":true}
06-04 21:27:07.050 I/ReactNativeJS(19383): [VROOM-TEL] 2026-06-04T19:27:07.050Z | DRIVE_TRACE_HEARTBEAT | {"t":1780601227050,"seq":1032,"gpsTickId":1780601225298,"gpsTickAgeMs":1216,"driving":true,"navigating":false,"tripActive":true,"lat":51.366417,"lng":19.387276,"gpsAgeMs":1216}
06-04 21:27:08.404 I/ReactNativeJS(19383): [VROOM-TEL] 2026-06-04T19:27:08.404Z | CAMERA_HEADING | {"t":1780601228404,"speedKmh":0,"movedM":0,"moveBearing":null,"snapHdg":12,"headingOut":12,"flipFromPrevDeg":0,"lookaheadM":0,"nativeFollow":true}
06-04 21:27:11.863 I/ReactNativeJS(19383): [VROOM-TEL] 2026-06-04T19:27:11.863Z | CAMERA_HEADING | {"t":1780601231863,"speedKmh":0,"movedM":0,"moveBearing":null,"snapHdg":12,"headingOut":12,"flipFromPrevDeg":0,"lookaheadM":0,"nativeFollow":true}
06-04 21:27:12.064 I/ReactNativeJS(19383): [VROOM-TEL] 2026-06-04T19:27:12.064Z | DRIVE_HEALTH | {"t":1780601232064,"mode":"driving","speedHudKmh":0,"speedPipeKmh":0,"gpsAgeMs":6229,"drAgeMs":6227,"gpsToDriftM":2,"snapAnchorDriftM":0,"offRoute":false,"reroutePending":false,"rerouteLoading":false,"hasRoutePts":0}
06-04 21:27:12.064 I/ReactNativeJS(19383): [VROOM-TEL] 2026-06-04T19:27:12.064Z | DRIVE_TRACE_HEARTBEAT | {"t":1780601232064,"seq":1033,"gpsTickId":1780601225298,"gpsTickAgeMs":6230,"driving":true,"navigating":false,"tripActive":true,"lat":51.366417,"lng":19.387276,"gpsAgeMs":6230}
06-04 21:27:15.061 I/ReactNativeJS(19383): [VROOM-TEL] 2026-06-04T19:27:15.061Z | CAMERA_HEADING | {"t":1780601235061,"speedKmh":0,"movedM":0,"moveBearing":null,"snapHdg":12,"headingOut":12,"flipFromPrevDeg":0,"lookaheadM":0,"nativeFollow":true}
06-04 21:27:17.078 I/ReactNativeJS(19383): [VROOM-TEL] 2026-06-04T19:27:17.078Z | DRIVE_TRACE_HEARTBEAT | {"t":1780601237078,"seq":1034,"gpsTickId":1780601225298,"gpsTickAgeMs":11244,"driving":true,"navigating":false,"tripActive":true,"lat":51.366417,"lng":19.387276,"gpsAgeMs":11244}
06-04 21:27:17.612 I/ReactNativeJS(19383): [VROOM-TEL] 2026-06-04T19:27:17.611Z | GPS_RESUME_HARD_RESTART | {"reason":"restart_resume","at":1780601237611}
06-04 21:27:18.578 I/ReactNativeJS(19383): [VROOM-TEL] 2026-06-04T19:27:18.578Z | CAMERA_HEADING | {"t":1780601238578,"speedKmh":0,"movedM":0,"moveBearing":null,"snapHdg":12,"headingOut":12,"flipFromPrevDeg":0,"lookaheadM":0,"nativeFollow":true}
06-04 21:27:18.709 I/ReactNativeJS(19383): [VROOM-TEL] 2026-06-04T19:27:18.709Z | RAW_GPS_TICK | {"t":1780601238709,"gpsTickId":1780601238140,"gpsTickAgeMs":0,"lat":51.366416,"lng":19.387274,"speed":0,"speedKmh":0,"accuracy":4,"osTimestamp":1780601238140,"tripActive":true,"appState":"active"}
06-04 21:27:18.709 I/ReactNativeJS(19383): [VROOM-TEL] 2026-06-04T19:27:18.709Z | DRIVE_TRACE_RAW | {"t":1780601238709,"seq":1035,"gpsTickId":1780601238140,"gpsTickAgeMs":0,"rawLat":51.366416,"rawLng":19.387274,"accM":4,"speedKmh":0,"speedMs":0,"heading":0,"tripActive":true,"driving":true,"navigating":false,"osTimestamp":1780601238140}
06-04 21:27:18.709 I/ReactNativeJS(19383): [VROOM-TEL] 2026-06-04T19:27:18.709Z | ROAD_MATCH_SKIP_TRUNCATED | {"t":1780601238709,"pts":2,"prevPts":14,"shiftM":1258}
06-04 21:27:18.710 I/ReactNativeJS(19383): [VROOM-TEL] 2026-06-04T19:27:18.710Z | DRIVE_TRACE_FEED | {"t":1780601238710,"seq":1036,"gpsTickId":1780601238140,"gpsTickAgeMs":1,"lat":51.366415,"lng":19.38731,"hdg":12,"durationMs":1712,"speedKmh":0}
06-04 21:27:18.710 I/ReactNativeJS(19383): [VROOM-TEL] 2026-06-04T19:27:18.710Z | TRIP_SEGMENT_REJECT | {"t":1780601238710,"reason":"jitter","dtSec":12.9,"speedKmh":null}
06-04 21:27:18.710 I/ReactNativeJS(19383): [VROOM-TEL] 2026-06-04T19:27:18.710Z | DRIVE_TRACE_TICK | {"t":1780601238710,"seq":1037,"gpsTickId":1780601238140,"gpsTickAgeMs":1,"rawLat":51.366416,"rawLng":19.387274,"snapLat":51.366415,"snapLng":19.38731,"markerLat":51.366415,"markerLng":19.38731,"markerHdg":12,"markerSvLat":51.366415,"markerSvLng":19.38731,"markerSvHdg":12,"accM":4,"hudKmh":0,"engineKmh":0,"dopplerKmh":0,"feedDurMs":1712,"cadenceMs":1902,"feedSpeedMs":0,"isNavigating":false,"isFreeDrive":true,"isMoving":true,"feedSkipGate":false,"feedAccepted":true,"feedHeadingOnly":false,"source":"drive_core_v2"}
06-04 21:27:18.710 I/ReactNativeJS(19383): [VROOM-TEL] 2026-06-04T19:27:18.710Z | GPS_ACCEPT | {"lat":51.366416,"lng":19.387274,"acc":4,"speedKmh":0,"gpsLock":false}
06-04 21:27:19.945 I/ReactNativeJS(19383): [VROOM-TEL] 2026-06-04T19:27:19.945Z | CAMERA_HEADING | {"t":1780601239945,"speedKmh":0,"movedM":0,"moveBearing":null,"snapHdg":12,"headingOut":12,"flipFromPrevDeg":0,"lookaheadM":0,"nativeFollow":true}
06-04 21:27:21.400 I/ReactNativeJS(19383): [VROOM-TEL] 2026-06-04T19:27:21.400Z | CAMERA_HEADING | {"t":1780601241400,"speedKmh":0,"movedM":0,"moveBearing":null,"snapHdg":12,"headingOut":12,"flipFromPrevDeg":0,"lookaheadM":0,"nativeFollow":true}
06-04 21:27:22.098 I/ReactNativeJS(19383): [VROOM-TEL] 2026-06-04T19:27:22.098Z | DRIVE_TRACE_HEARTBEAT | {"t":1780601242098,"seq":1038,"gpsTickId":1780601238140,"gpsTickAgeMs":3389,"driving":true,"navigating":false,"tripActive":true,"lat":51.3664161,"lng":19.3872739,"gpsAgeMs":3389}
06-04 21:27:22.535 I/ReactNativeJS(19383): [VROOM-TEL] 2026-06-04T19:27:22.535Z | CAMERA_HEADING | {"t":1780601242535,"speedKmh":0,"movedM":0,"moveBearing":null,"snapHdg":12,"headingOut":12,"flipFromPrevDeg":0,"lookaheadM":0,"nativeFollow":true}
06-04 21:27:23.933 I/ReactNativeJS(19383): [VROOM-TEL] 2026-06-04T19:27:23.933Z | CAMERA_HEADING | {"t":1780601243933,"speedKmh":0,"movedM":0,"moveBearing":null,"snapHdg":12,"headingOut":12,"flipFromPrevDeg":0,"lookaheadM":0,"nativeFollow":true}
06-04 21:27:27.095 I/ReactNativeJS(19383): [VROOM-TEL] 2026-06-04T19:27:27.095Z | DRIVE_HEALTH | {"t":1780601247095,"mode":"driving","speedHudKmh":0,"speedPipeKmh":0,"gpsAgeMs":8386,"drAgeMs":8385,"gpsToDriftM":3,"snapAnchorDriftM":0,"offRoute":false,"reroutePending":false,"rerouteLoading":false,"hasRoutePts":0}
06-04 21:27:27.823 I/ReactNativeJS(19383): [VROOM-TEL] 2026-06-04T19:27:27.823Z | CAMERA_HEADING | {"t":1780601247823,"speedKmh":0,"movedM":0,"moveBearing":null,"snapHdg":12,"headingOut":12,"flipFromPrevDeg":0,"lookaheadM":0,"nativeFollow":true}
06-04 21:27:28.162 I/ReactNativeJS(19383): [VROOM-TEL] 2026-06-04T19:27:28.162Z | TRIP_SEGMENT_STATS | {"t":1780601248162,"totalDistanceKm":2.043,"acceptedMain":132,"acceptedMainKm":2.043,"fallbackAccepted":0,"fallbackKm":0,"derivedSpeedUsed":6,"derivedSpeedRejected":0,"lowSpeedDropped":0,"zeroMove":0,"rejectedTotal":36,"rejectedJitter":36,"rejectedJump":0,"rejectedStaleGap":0,"rejectedMinSpeed":0,"rejectedAccuracy":0,"rejectedImpossible":0,"rejectedInvalidTime":0}
06-04 21:27:30.411 I/ReactNativeJS(19383): [VROOM-TEL] 2026-06-04T19:27:30.411Z | CAMERA_HEADING | {"t":1780601250411,"speedKmh":0,"movedM":0,"moveBearing":null,"snapHdg":12,"headingOut":12,"flipFromPrevDeg":0,"lookaheadM":0,"nativeFollow":true}
06-04 21:27:31.846 I/ReactNativeJS(19383): [VROOM-TEL] 2026-06-04T19:27:31.846Z | CAMERA_HEADING | {"t":1780601251846,"speedKmh":0,"movedM":0,"moveBearing":null,"snapHdg":12,"headingOut":12,"flipFromPrevDeg":0,"lookaheadM":0,"nativeFollow":true}
06-04 21:27:32.109 I/ReactNativeJS(19383): [VROOM-TEL] 2026-06-04T19:27:32.109Z | DRIVE_TRACE_HEARTBEAT | {"t":1780601252109,"seq":1039,"gpsTickId":1780601238140,"gpsTickAgeMs":13400,"driving":true,"navigating":false,"tripActive":true,"lat":51.3664161,"lng":19.3872739,"gpsAgeMs":13400}
06-04 21:27:34.392 I/ReactNativeJS(19383): [VROOM-TEL] 2026-06-04T19:27:34.392Z | GPS_RESUME_HARD_RESTART | {"reason":"restart_resume","at":1780601254392}
06-04 21:27:35.007 I/ReactNativeJS(19383): [VROOM-TEL] 2026-06-04T19:27:35.007Z | CAMERA_HEADING | {"t":1780601255007,"speedKmh":0,"movedM":0,"moveBearing":null,"snapHdg":12,"headingOut":12,"flipFromPrevDeg":0,"lookaheadM":0,"nativeFollow":true}
06-04 21:27:35.485 I/ReactNativeJS(19383): [VROOM-TEL] 2026-06-04T19:27:35.485Z | RAW_GPS_TICK | {"t":1780601255485,"gpsTickId":1780601254933,"gpsTickAgeMs":0,"lat":51.366416,"lng":19.387275,"speed":0,"speedKmh":0,"accuracy":4,"osTimestamp":1780601254933,"tripActive":true,"appState":"active"}
06-04 21:27:35.485 I/ReactNativeJS(19383): [VROOM-TEL] 2026-06-04T19:27:35.485Z | DRIVE_TRACE_RAW | {"t":1780601255485,"seq":1040,"gpsTickId":1780601254933,"gpsTickAgeMs":0,"rawLat":51.366416,"rawLng":19.387275,"accM":4,"speedKmh":0,"speedMs":0,"heading":0,"tripActive":true,"driving":true,"navigating":false,"osTimestamp":1780601254933}
06-04 21:27:35.485 I/ReactNativeJS(19383): [VROOM-TEL] 2026-06-04T19:27:35.485Z | ROAD_MATCH_SKIP_TRUNCATED | {"t":1780601255485,"pts":2,"prevPts":14,"shiftM":1258}
06-04 21:27:35.486 I/ReactNativeJS(19383): [VROOM-TEL] 2026-06-04T19:27:35.486Z | DRIVE_TRACE_FEED | {"t":1780601255486,"seq":1041,"gpsTickId":1780601254933,"gpsTickAgeMs":1,"lat":51.366415,"lng":19.38731,"hdg":12,"durationMs":1712,"speedKmh":0}
06-04 21:27:35.486 I/ReactNativeJS(19383): [VROOM-TEL] 2026-06-04T19:27:35.486Z | TRIP_SEGMENT_REJECT | {"t":1780601255486,"reason":"jitter","dtSec":16.8,"speedKmh":null}
06-04 21:27:35.486 I/ReactNativeJS(19383): [VROOM-TEL] 2026-06-04T19:27:35.486Z | DRIVE_TRACE_TICK | {"t":1780601255486,"seq":1042,"gpsTickId":1780601254933,"gpsTickAgeMs":1,"rawLat":51.366416,"rawLng":19.387275,"snapLat":51.366415,"snapLng":19.38731,"markerLat":51.366415,"markerLng":19.38731,"markerHdg":12,"markerSvLat":51.366415,"markerSvLng":19.38731,"markerSvHdg":12,"accM":4,"hudKmh":0,"engineKmh":0,"dopplerKmh":0,"feedDurMs":1712,"cadenceMs":1902,"feedSpeedMs":0,"isNavigating":false,"isFreeDrive":true,"isMoving":true,"feedSkipGate":false,"feedAccepted":true,"feedHeadingOnly":false,"source":"drive_core_v2"}
06-04 21:27:35.486 I/ReactNativeJS(19383): [VROOM-TEL] 2026-06-04T19:27:35.486Z | GPS_ACCEPT | {"lat":51.366416,"lng":19.387275,"acc":4,"speedKmh":0,"gpsLock":false}
06-04 21:27:36.574 I/ReactNativeJS(19383): [VROOM-TEL] 2026-06-04T19:27:36.574Z | CAMERA_HEADING | {"t":1780601256574,"speedKmh":0,"movedM":0,"moveBearing":null,"snapHdg":12,"headingOut":12,"flipFromPrevDeg":0,"lookaheadM":0,"nativeFollow":true}
06-04 21:27:37.117 I/ReactNativeJS(19383): [VROOM-TEL] 2026-06-04T19:27:37.117Z | DRIVE_TRACE_HEARTBEAT | {"t":1780601257117,"seq":1043,"gpsTickId":1780601254933,"gpsTickAgeMs":1632,"driving":true,"navigating":false,"tripActive":true,"lat":51.3664162,"lng":19.3872747,"gpsAgeMs":1632}
06-04 21:27:38.189 I/ReactNativeJS(19383): [VROOM-TEL] 2026-06-04T19:27:38.189Z | CAMERA_HEADING | {"t":1780601258189,"speedKmh":0,"movedM":0,"moveBearing":null,"snapHdg":12,"headingOut":12,"flipFromPrevDeg":0,"lookaheadM":0,"nativeFollow":true}
06-04 21:27:42.130 I/ReactNativeJS(19383): [VROOM-TEL] 2026-06-04T19:27:42.130Z | DRIVE_TRACE_HEARTBEAT | {"t":1780601262130,"seq":1044,"gpsTickId":1780601254933,"gpsTickAgeMs":6645,"driving":true,"navigating":false,"tripActive":true,"lat":51.3664162,"lng":19.3872747,"gpsAgeMs":6645}
06-04 21:27:42.131 I/ReactNativeJS(19383): [VROOM-TEL] 2026-06-04T19:27:42.131Z | DRIVE_HEALTH | {"t":1780601262131,"mode":"driving","speedHudKmh":0,"speedPipeKmh":0,"gpsAgeMs":6646,"drAgeMs":6645,"gpsToDriftM":2,"snapAnchorDriftM":0,"offRoute":false,"reroutePending":false,"rerouteLoading":false,"hasRoutePts":0}
06-04 21:27:45.224 I/ReactNativeJS(19383): [VROOM-TEL] 2026-06-04T19:27:45.224Z | CAMERA_HEADING | {"t":1780601265224,"speedKmh":0,"movedM":0,"moveBearing":null,"snapHdg":12,"headingOut":12,"flipFromPrevDeg":0,"lookaheadM":0,"nativeFollow":true}
06-04 21:27:47.132 I/ReactNativeJS(19383): [VROOM-TEL] 2026-06-04T19:27:47.132Z | DRIVE_TRACE_HEARTBEAT | {"t":1780601267132,"seq":1045,"gpsTickId":1780601254933,"gpsTickAgeMs":11647,"driving":true,"navigating":false,"tripActive":true,"lat":51.3664162,"lng":19.3872747,"gpsAgeMs":11647}
06-04 21:27:47.782 I/ReactNativeJS(19383): [VROOM-TEL] 2026-06-04T19:27:47.782Z | GPS_RESUME_HARD_RESTART | {"reason":"restart_resume","at":1780601267782}
06-04 21:27:48.858 I/ReactNativeJS(19383): [VROOM-TEL] 2026-06-04T19:27:48.858Z | RAW_GPS_TICK | {"t":1780601268858,"gpsTickId":1780601268314,"gpsTickAgeMs":0,"lat":51.366417,"lng":19.387274,"speed":0,"speedKmh":0,"accuracy":4,"osTimestamp":1780601268314,"tripActive":true,"appState":"active"}
06-04 21:27:48.858 I/ReactNativeJS(19383): [VROOM-TEL] 2026-06-04T19:27:48.858Z | DRIVE_TRACE_RAW | {"t":1780601268858,"seq":1046,"gpsTickId":1780601268314,"gpsTickAgeMs":0,"rawLat":51.366417,"rawLng":19.387274,"accM":4,"speedKmh":0,"speedMs":0,"heading":0,"tripActive":true,"driving":true,"navigating":false,"osTimestamp":1780601268314}
06-04 21:27:48.858 I/ReactNativeJS(19383): [VROOM-TEL] 2026-06-04T19:27:48.858Z | ROAD_MATCH_SKIP_TRUNCATED | {"t":1780601268858,"pts":2,"prevPts":14,"shiftM":1258}
06-04 21:27:48.860 I/ReactNativeJS(19383): [VROOM-TEL] 2026-06-04T19:27:48.860Z | DRIVE_TRACE_FEED | {"t":1780601268860,"seq":1047,"gpsTickId":1780601268314,"gpsTickAgeMs":2,"lat":51.366415,"lng":19.38731,"hdg":12,"durationMs":1712,"speedKmh":0}
06-04 21:27:48.861 I/ReactNativeJS(19383): [VROOM-TEL] 2026-06-04T19:27:48.861Z | TRIP_SEGMENT_REJECT | {"t":1780601268861,"reason":"jitter","dtSec":13.4,"speedKmh":null}
06-04 21:27:48.861 I/ReactNativeJS(19383): [VROOM-TEL] 2026-06-04T19:27:48.861Z | DRIVE_TRACE_TICK | {"t":1780601268861,"seq":1048,"gpsTickId":1780601268314,"gpsTickAgeMs":3,"rawLat":51.366417,"rawLng":19.387274,"snapLat":51.366415,"snapLng":19.38731,"markerLat":51.366415,"markerLng":19.38731,"markerHdg":12,"markerSvLat":51.366415,"markerSvLng":19.38731,"markerSvHdg":12,"accM":4,"hudKmh":0,"engineKmh":0,"dopplerKmh":0,"feedDurMs":1712,"cadenceMs":1902,"feedSpeedMs":0,"isNavigating":false,"isFreeDrive":true,"isMoving":true,"feedSkipGate":false,"feedAccepted":true,"feedHeadingOnly":false,"source":"drive_core_v2"}
06-04 21:27:48.861 I/ReactNativeJS(19383): [VROOM-TEL] 2026-06-04T19:27:48.861Z | GPS_ACCEPT | {"lat":51.366417,"lng":19.387274,"acc":4,"speedKmh":0,"gpsLock":false}
06-04 21:27:48.893 I/ReactNativeJS(19383): [VROOM-TEL] 2026-06-04T19:27:48.892Z | CAMERA_HEADING | {"t":1780601268892,"speedKmh":0,"movedM":0,"moveBearing":null,"snapHdg":12,"headingOut":12,"flipFromPrevDeg":0,"lookaheadM":0,"nativeFollow":true}
06-04 21:27:52.134 I/ReactNativeJS(19383): [VROOM-TEL] 2026-06-04T19:27:52.134Z | DRIVE_TRACE_HEARTBEAT | {"t":1780601272134,"seq":1049,"gpsTickId":1780601268314,"gpsTickAgeMs":3276,"driving":true,"navigating":false,"tripActive":true,"lat":51.3664172,"lng":19.3872743,"gpsAgeMs":3276}
06-04 21:27:53.326 I/ReactNativeJS(19383): [VROOM-TEL] 2026-06-04T19:27:53.326Z | CAMERA_HEADING | {"t":1780601273326,"speedKmh":0,"movedM":0,"moveBearing":null,"snapHdg":12,"headingOut":12,"flipFromPrevDeg":0,"lookaheadM":0,"nativeFollow":true}
06-04 21:27:54.594 I/ReactNativeJS(19383): [VROOM-TEL] 2026-06-04T19:27:54.594Z | CAMERA_HEADING | {"t":1780601274594,"speedKmh":0,"movedM":0,"moveBearing":null,"snapHdg":12,"headingOut":12,"flipFromPrevDeg":0,"lookaheadM":0,"nativeFollow":true}
06-04 21:27:56.156 I/ReactNativeJS(19383): [VROOM-TEL] 2026-06-04T19:27:56.156Z | CAMERA_HEADING | {"t":1780601276156,"speedKmh":0,"movedM":0,"moveBearing":null,"snapHdg":12,"headingOut":12,"flipFromPrevDeg":0,"lookaheadM":0,"nativeFollow":true}
06-04 21:27:57.150 I/ReactNativeJS(19383): [VROOM-TEL] 2026-06-04T19:27:57.150Z | DRIVE_TRACE_HEARTBEAT | {"t":1780601277150,"seq":1050,"gpsTickId":1780601268314,"gpsTickAgeMs":8292,"driving":true,"navigating":false,"tripActive":true,"lat":51.3664172,"lng":19.3872743,"gpsAgeMs":8292}
06-04 21:27:57.151 I/ReactNativeJS(19383): [VROOM-TEL] 2026-06-04T19:27:57.151Z | DRIVE_HEALTH | {"t":1780601277151,"mode":"driving","speedHudKmh":0,"speedPipeKmh":0,"gpsAgeMs":8288,"drAgeMs":8290,"gpsToDriftM":2,"snapAnchorDriftM":0,"offRoute":false,"reroutePending":false,"rerouteLoading":false,"hasRoutePts":0}
06-04 21:27:57.972 I/ReactNativeJS(19383): [VROOM-TEL] 2026-06-04T19:27:57.972Z | CAMERA_HEADING | {"t":1780601277972,"speedKmh":0,"movedM":0,"moveBearing":null,"snapHdg":12,"headingOut":12,"flipFromPrevDeg":0,"lookaheadM":0,"nativeFollow":true}
06-04 21:27:58.190 I/ReactNativeJS(19383): [VROOM-TEL] 2026-06-04T19:27:58.190Z | TRIP_SEGMENT_STATS | {"t":1780601278190,"totalDistanceKm":2.043,"acceptedMain":132,"acceptedMainKm":2.043,"fallbackAccepted":0,"fallbackKm":0,"derivedSpeedUsed":6,"derivedSpeedRejected":0,"lowSpeedDropped":0,"zeroMove":0,"rejectedTotal":38,"rejectedJitter":38,"rejectedJump":0,"rejectedStaleGap":0,"rejectedMinSpeed":0,"rejectedAccuracy":0,"rejectedImpossible":0,"rejectedInvalidTime":0}
06-04 21:27:59.205 I/ReactNativeJS(19383): [VROOM-TEL] 2026-06-04T19:27:59.205Z | CAMERA_HEADING | {"t":1780601279205,"speedKmh":0,"movedM":0,"moveBearing":null,"snapHdg":12,"headingOut":12,"flipFromPrevDeg":0,"lookaheadM":0,"nativeFollow":true}
06-04 21:28:00.402 I/ReactNativeJS(19383): [VROOM-TEL] 2026-06-04T19:28:00.402Z | CAMERA_HEADING | {"t":1780601280402,"speedKmh":0,"movedM":0,"moveBearing":null,"snapHdg":12,"headingOut":12,"flipFromPrevDeg":0,"lookaheadM":0,"nativeFollow":true}
06-04 21:28:01.684 I/ReactNativeJS(19383): [VROOM-TEL] 2026-06-04T19:28:01.684Z | CAMERA_HEADING | {"t":1780601281684,"speedKmh":0,"movedM":0,"moveBearing":null,"snapHdg":12,"headingOut":12,"flipFromPrevDeg":0,"lookaheadM":0,"nativeFollow":true}
06-04 21:28:01.763 I/ReactNativeJS(19383): [VROOM-TEL] 2026-06-04T19:28:01.763Z | RAW_GPS_TICK | {"t":1780601281763,"gpsTickId":1780601281186,"gpsTickAgeMs":0,"lat":51.366417,"lng":19.387274,"speed":0,"speedKmh":0,"accuracy":4,"osTimestamp":1780601281186,"tripActive":true,"appState":"active"}
06-04 21:28:01.763 I/ReactNativeJS(19383): [VROOM-TEL] 2026-06-04T19:28:01.763Z | DRIVE_TRACE_RAW | {"t":1780601281763,"seq":1051,"gpsTickId":1780601281186,"gpsTickAgeMs":0,"rawLat":51.366417,"rawLng":19.387274,"accM":4,"speedKmh":0,"speedMs":0,"heading":0,"tripActive":true,"driving":true,"navigating":false,"osTimestamp":1780601281186}
06-04 21:28:01.763 I/ReactNativeJS(19383): [VROOM-TEL] 2026-06-04T19:28:01.763Z | ROAD_MATCH_SKIP_TRUNCATED | {"t":1780601281763,"pts":2,"prevPts":14,"shiftM":1258}
06-04 21:28:01.764 I/ReactNativeJS(19383): [VROOM-TEL] 2026-06-04T19:28:01.764Z | DRIVE_TRACE_FEED | {"t":1780601281764,"seq":1052,"gpsTickId":1780601281186,"gpsTickAgeMs":1,"lat":51.366415,"lng":19.38731,"hdg":12,"durationMs":1712,"speedKmh":0}
06-04 21:28:01.764 I/ReactNativeJS(19383): [VROOM-TEL] 2026-06-04T19:28:01.764Z | TRIP_SEGMENT_REJECT | {"t":1780601281764,"reason":"jitter","dtSec":12.9,"speedKmh":null}
06-04 21:28:01.764 I/ReactNativeJS(19383): [VROOM-TEL] 2026-06-04T19:28:01.764Z | DRIVE_TRACE_TICK | {"t":1780601281764,"seq":1053,"gpsTickId":1780601281186,"gpsTickAgeMs":1,"rawLat":51.366417,"rawLng":19.387274,"snapLat":51.366415,"snapLng":19.38731,"markerLat":51.366415,"markerLng":19.38731,"markerHdg":12,"markerSvLat":51.366415,"markerSvLng":19.38731,"markerSvHdg":12,"accM":4,"hudKmh":0,"engineKmh":0,"dopplerKmh":0,"feedDurMs":1712,"cadenceMs":1902,"feedSpeedMs":0,"isNavigating":false,"isFreeDrive":true,"isMoving":true,"feedSkipGate":false,"feedAccepted":true,"feedHeadingOnly":false,"source":"drive_core_v2"}
06-04 21:28:01.764 I/ReactNativeJS(19383): [VROOM-TEL] 2026-06-04T19:28:01.764Z | GPS_ACCEPT | {"lat":51.366417,"lng":19.387274,"acc":4,"speedKmh":0,"gpsLock":false}
06-04 21:28:02.164 I/ReactNativeJS(19383): [VROOM-TEL] 2026-06-04T19:28:02.164Z | DRIVE_TRACE_HEARTBEAT | {"t":1780601282164,"seq":1054,"gpsTickId":1780601281186,"gpsTickAgeMs":401,"driving":true,"navigating":false,"tripActive":true,"lat":51.3664175,"lng":19.3872743,"gpsAgeMs":401}
06-04 21:28:07.170 I/ReactNativeJS(19383): [VROOM-TEL] 2026-06-04T19:28:07.170Z | DRIVE_TRACE_HEARTBEAT | {"t":1780601287170,"seq":1055,"gpsTickId":1780601281186,"gpsTickAgeMs":5407,"driving":true,"navigating":false,"tripActive":true,"lat":51.3664175,"lng":19.3872743,"gpsAgeMs":5407}
06-04 21:28:08.103 I/ReactNativeJS(19383): [VROOM-TEL] 2026-06-04T19:28:08.103Z | CAMERA_HEADING | {"t":1780601288103,"speedKmh":0,"movedM":0,"moveBearing":null,"snapHdg":12,"headingOut":12,"flipFromPrevDeg":0,"lookaheadM":0,"nativeFollow":true}
06-04 21:28:09.763 I/ReactNativeJS(19383): [VROOM-TEL] 2026-06-04T19:28:09.763Z | CAMERA_HEADING | {"t":1780601289763,"speedKmh":0,"movedM":0,"moveBearing":null,"snapHdg":12,"headingOut":12,"flipFromPrevDeg":0,"lookaheadM":0,"nativeFollow":true}
06-04 21:28:12.186 I/ReactNativeJS(19383): [VROOM-TEL] 2026-06-04T19:28:12.185Z | DRIVE_HEALTH | {"t":1780601292185,"mode":"driving","speedHudKmh":0,"speedPipeKmh":0,"gpsAgeMs":10422,"drAgeMs":10421,"gpsToDriftM":2,"snapAnchorDriftM":0,"offRoute":false,"reroutePending":false,"rerouteLoading":false,"hasRoutePts":0}
06-04 21:28:12.186 I/ReactNativeJS(19383): [VROOM-TEL] 2026-06-04T19:28:12.186Z | DRIVE_TRACE_HEARTBEAT | {"t":1780601292186,"seq":1056,"gpsTickId":1780601281186,"gpsTickAgeMs":10423,"driving":true,"navigating":false,"tripActive":true,"lat":51.3664175,"lng":19.3872743,"gpsAgeMs":10423}
06-04 21:28:12.548 I/ReactNativeJS(19383): [VROOM-TEL] 2026-06-04T19:28:12.548Z | CAMERA_HEADING | {"t":1780601292548,"speedKmh":0,"movedM":0,"moveBearing":null,"snapHdg":12,"headingOut":12,"flipFromPrevDeg":0,"lookaheadM":0,"nativeFollow":true}
06-04 21:28:14.506 I/ReactNativeJS(19383): [VROOM-TEL] 2026-06-04T19:28:14.506Z | CAMERA_HEADING | {"t":1780601294506,"speedKmh":0,"movedM":0,"moveBearing":null,"snapHdg":12,"headingOut":12,"flipFromPrevDeg":0,"lookaheadM":0,"nativeFollow":true}
06-04 21:28:15.609 I/ReactNativeJS(19383): [VROOM-TEL] 2026-06-04T19:28:15.609Z | CAMERA_HEADING | {"t":1780601295609,"speedKmh":0,"movedM":0,"moveBearing":null,"snapHdg":12,"headingOut":12,"flipFromPrevDeg":0,"lookaheadM":0,"nativeFollow":true}
06-04 21:28:17.200 I/ReactNativeJS(19383): [VROOM-TEL] 2026-06-04T19:28:17.200Z | DRIVE_TRACE_HEARTBEAT | {"t":1780601297200,"seq":1057,"gpsTickId":1780601281186,"gpsTickAgeMs":15437,"driving":true,"navigating":false,"tripActive":true,"lat":51.3664175,"lng":19.3872743,"gpsAgeMs":15437}
06-04 21:28:17.506 I/ReactNativeJS(19383): [VROOM-TEL] 2026-06-04T19:28:17.506Z | RAW_GPS_TICK | {"t":1780601297506,"gpsTickId":1780601296903,"gpsTickAgeMs":0,"lat":51.366417,"lng":19.387273,"speed":0,"speedKmh":0,"accuracy":4,"osTimestamp":1780601296903,"tripActive":true,"appState":"active"}
06-04 21:28:17.506 I/ReactNativeJS(19383): [VROOM-TEL] 2026-06-04T19:28:17.506Z | DRIVE_TRACE_RAW | {"t":1780601297506,"seq":1058,"gpsTickId":1780601296903,"gpsTickAgeMs":0,"rawLat":51.366417,"rawLng":19.387273,"accM":4,"speedKmh":0,"speedMs":0,"heading":0,"tripActive":true,"driving":true,"navigating":false,"osTimestamp":1780601296903}
06-04 21:28:17.506 I/ReactNativeJS(19383): [VROOM-TEL] 2026-06-04T19:28:17.506Z | ROAD_MATCH_SKIP_TRUNCATED | {"t":1780601297506,"pts":2,"prevPts":14,"shiftM":1258}
06-04 21:28:17.508 I/ReactNativeJS(19383): [VROOM-TEL] 2026-06-04T19:28:17.508Z | DRIVE_TRACE_FEED | {"t":1780601297508,"seq":1059,"gpsTickId":1780601296903,"gpsTickAgeMs":2,"lat":51.366415,"lng":19.38731,"hdg":12,"durationMs":1712,"speedKmh":0}
06-04 21:28:17.508 I/ReactNativeJS(19383): [VROOM-TEL] 2026-06-04T19:28:17.508Z | TRIP_SEGMENT_REJECT | {"t":1780601297508,"reason":"jitter","dtSec":15.7,"speedKmh":null}
06-04 21:28:17.508 I/ReactNativeJS(19383): [VROOM-TEL] 2026-06-04T19:28:17.508Z | DRIVE_TRACE_TICK | {"t":1780601297508,"seq":1060,"gpsTickId":1780601296903,"gpsTickAgeMs":2,"rawLat":51.366417,"rawLng":19.387273,"snapLat":51.366415,"snapLng":19.38731,"markerLat":51.366415,"markerLng":19.38731,"markerHdg":12,"markerSvLat":51.366415,"markerSvLng":19.38731,"markerSvHdg":12,"accM":4,"hudKmh":0,"engineKmh":0,"dopplerKmh":0,"feedDurMs":1712,"cadenceMs":1902,"feedSpeedMs":0,"isNavigating":false,"isFreeDrive":true,"isMoving":true,"feedSkipGate":false,"feedAccepted":true,"feedHeadingOnly":false,"source":"drive_core_v2"}
06-04 21:28:17.508 I/ReactNativeJS(19383): [VROOM-TEL] 2026-06-04T19:28:17.508Z | GPS_ACCEPT | {"lat":51.366417,"lng":19.387273,"acc":4,"speedKmh":0,"gpsLock":false}
06-04 21:28:17.511 I/ReactNativeJS(19383): [VROOM-TEL] 2026-06-04T19:28:17.511Z | CAMERA_HEADING | {"t":1780601297511,"speedKmh":0,"movedM":0,"moveBearing":null,"snapHdg":12,"headingOut":12,"flipFromPrevDeg":0,"lookaheadM":0,"nativeFollow":true}
06-04 21:28:22.216 I/ReactNativeJS(19383): [VROOM-TEL] 2026-06-04T19:28:22.215Z | DRIVE_TRACE_HEARTBEAT | {"t":1780601302215,"seq":1061,"gpsTickId":1780601296903,"gpsTickAgeMs":4709,"driving":true,"navigating":false,"tripActive":true,"lat":51.3664166,"lng":19.3872729,"gpsAgeMs":4709}
06-04 21:28:23.984 I/ReactNativeJS(19383): [VROOM-TEL] 2026-06-04T19:28:23.984Z | CAMERA_HEADING | {"t":1780601303984,"speedKmh":0,"movedM":0,"moveBearing":null,"snapHdg":12,"headingOut":12,"flipFromPrevDeg":0,"lookaheadM":0,"nativeFollow":true}
06-04 21:28:27.163 I/ReactNativeJS(19383): [VROOM-TEL] 2026-06-04T19:28:27.163Z | GPS_RESUME_HARD_RESTART | {"reason":"restart_resume","at":1780601307163}
06-04 21:28:27.169 I/ReactNativeJS(19383): [VROOM-TEL] 2026-06-04T19:28:27.169Z | RAW_GPS_TICK | {"t":1780601307169,"gpsTickId":1780601306940,"gpsTickAgeMs":0,"lat":51.366415,"lng":19.38727,"speed":0,"speedKmh":0,"accuracy":4,"osTimestamp":1780601306940,"tripActive":true,"appState":"active"}
06-04 21:28:27.169 I/ReactNativeJS(19383): [VROOM-TEL] 2026-06-04T19:28:27.169Z | DRIVE_TRACE_RAW | {"t":1780601307169,"seq":1062,"gpsTickId":1780601306940,"gpsTickAgeMs":0,"rawLat":51.366415,"rawLng":19.38727,"accM":4,"speedKmh":0,"speedMs":0,"heading":0,"tripActive":true,"driving":true,"navigating":false,"osTimestamp":1780601306940}
06-04 21:28:27.170 I/ReactNativeJS(19383): [VROOM-TEL] 2026-06-04T19:28:27.170Z | ROAD_MATCH_SKIP_TRUNCATED | {"t":1780601307170,"pts":2,"prevPts":14,"shiftM":1258}
06-04 21:28:27.172 I/ReactNativeJS(19383): [VROOM-TEL] 2026-06-04T19:28:27.172Z | DRIVE_TRACE_FEED | {"t":1780601307172,"seq":1063,"gpsTickId":1780601306940,"gpsTickAgeMs":3,"lat":51.366415,"lng":19.38731,"hdg":12,"durationMs":1712,"speedKmh":0}
06-04 21:28:27.172 I/ReactNativeJS(19383): [VROOM-TEL] 2026-06-04T19:28:27.172Z | TRIP_SEGMENT_REJECT | {"t":1780601307172,"reason":"jitter","dtSec":9.7,"speedKmh":null}
06-04 21:28:27.173 I/ReactNativeJS(19383): [VROOM-TEL] 2026-06-04T19:28:27.173Z | DRIVE_TRACE_TICK | {"t":1780601307173,"seq":1064,"gpsTickId":1780601306940,"gpsTickAgeMs":4,"rawLat":51.366415,"rawLng":19.38727,"snapLat":51.366415,"snapLng":19.38731,"markerLat":51.366415,"markerLng":19.38731,"markerHdg":12,"markerSvLat":51.366415,"markerSvLng":19.38731,"markerSvHdg":12,"accM":4,"hudKmh":0,"engineKmh":0,"dopplerKmh":0,"feedDurMs":1712,"cadenceMs":1902,"feedSpeedMs":0,"isNavigating":false,"isFreeDrive":true,"isMoving":true,"feedSkipGate":false,"feedAccepted":true,"feedHeadingOnly":false,"source":"drive_core_v2"}
06-04 21:28:27.173 I/ReactNativeJS(19383): [VROOM-TEL] 2026-06-04T19:28:27.173Z | GPS_ACCEPT | {"lat":51.366415,"lng":19.38727,"acc":4,"speedKmh":0.1,"gpsLock":false}
06-04 21:28:27.201 I/ReactNativeJS(19383): [VROOM-TEL] 2026-06-04T19:28:27.201Z | CAMERA_HEADING | {"t":1780601307201,"speedKmh":0,"movedM":0,"moveBearing":null,"snapHdg":12,"headingOut":12,"flipFromPrevDeg":0,"lookaheadM":0,"nativeFollow":true}
06-04 21:28:27.233 I/ReactNativeJS(19383): [VROOM-TEL] 2026-06-04T19:28:27.233Z | DRIVE_HEALTH | {"t":1780601307233,"mode":"driving","speedHudKmh":0,"speedPipeKmh":0,"gpsAgeMs":59,"drAgeMs":61,"gpsToDriftM":3,"snapAnchorDriftM":0,"offRoute":false,"reroutePending":false,"rerouteLoading":false,"hasRoutePts":0}
06-04 21:28:27.233 I/ReactNativeJS(19383): [VROOM-TEL] 2026-06-04T19:28:27.233Z | DRIVE_TRACE_HEARTBEAT | {"t":1780601307233,"seq":1065,"gpsTickId":1780601306940,"gpsTickAgeMs":64,"driving":true,"navigating":false,"tripActive":true,"lat":51.3664149,"lng":19.3872702,"gpsAgeMs":64}
06-04 21:28:28.590 I/ReactNativeJS(19383): [VROOM-TEL] 2026-06-04T19:28:28.590Z | CAMERA_HEADING | {"t":1780601308590,"speedKmh":0,"movedM":0,"moveBearing":null,"snapHdg":12,"headingOut":12,"flipFromPrevDeg":0,"lookaheadM":0,"nativeFollow":true}
